<?xml version="1.0" encoding="ISO-8859-1" ?>
<link_info>
   <banner>TI ARM Linker PC v20.2.7.LTS</banner>
   <copyright>Copyright (c) 1996-2018 Texas Instruments Incorporated</copyright>
   <link_time>0x6a475c65</link_time>
   <link_errors>0x0</link_errors>
   <output_file>FreeRTOS_Practice.out</output_file>
   <entry_point>
      <name>_c_int00_noargs</name>
      <address>0x8b15</address>
   </entry_point>
   <input_file_list>
      <input_file id="fl-2">
         <path>.\</path>
         <kind>object</kind>
         <file>main.obj</file>
         <name>main.obj</name>
      </input_file>
      <input_file id="fl-3">
         <path>.\</path>
         <kind>object</kind>
         <file>tm4c123gh6pm_startup_ccs.obj</file>
         <name>tm4c123gh6pm_startup_ccs.obj</name>
      </input_file>
      <input_file id="fl-4">
         <path>.\ThirdParty\FreeRTOS\Source\</path>
         <kind>object</kind>
         <file>croutine.obj</file>
         <name>croutine.obj</name>
      </input_file>
      <input_file id="fl-5">
         <path>.\ThirdParty\FreeRTOS\Source\</path>
         <kind>object</kind>
         <file>event_groups.obj</file>
         <name>event_groups.obj</name>
      </input_file>
      <input_file id="fl-6">
         <path>.\ThirdParty\FreeRTOS\Source\</path>
         <kind>object</kind>
         <file>list.obj</file>
         <name>list.obj</name>
      </input_file>
      <input_file id="fl-7">
         <path>.\ThirdParty\FreeRTOS\Source\</path>
         <kind>object</kind>
         <file>queue.obj</file>
         <name>queue.obj</name>
      </input_file>
      <input_file id="fl-8">
         <path>.\ThirdParty\FreeRTOS\Source\</path>
         <kind>object</kind>
         <file>stream_buffer.obj</file>
         <name>stream_buffer.obj</name>
      </input_file>
      <input_file id="fl-9">
         <path>.\ThirdParty\FreeRTOS\Source\</path>
         <kind>object</kind>
         <file>tasks.obj</file>
         <name>tasks.obj</name>
      </input_file>
      <input_file id="fl-a">
         <path>.\ThirdParty\FreeRTOS\Source\</path>
         <kind>object</kind>
         <file>timers.obj</file>
         <name>timers.obj</name>
      </input_file>
      <input_file id="fl-b">
         <path>.\ThirdParty\FreeRTOS\Source\portable\CCS\ARM_CM4F\</path>
         <kind>object</kind>
         <file>port.obj</file>
         <name>port.obj</name>
      </input_file>
      <input_file id="fl-c">
         <path>.\ThirdParty\FreeRTOS\Source\portable\CCS\ARM_CM4F\</path>
         <kind>object</kind>
         <file>portasm.obj</file>
         <name>portasm.obj</name>
      </input_file>
      <input_file id="fl-d">
         <path>.\ThirdParty\FreeRTOS\Source\portable\MemMang\</path>
         <kind>object</kind>
         <file>heap_4.obj</file>
         <name>heap_4.obj</name>
      </input_file>
      <input_file id="fl-e">
         <path>.\ThirdParty\SEGGER\Config\</path>
         <kind>object</kind>
         <file>SEGGER_SYSVIEW_Config_FreeRTOS.obj</file>
         <name>SEGGER_SYSVIEW_Config_FreeRTOS.obj</name>
      </input_file>
      <input_file id="fl-f">
         <path>.\ThirdParty\SEGGER\OS\</path>
         <kind>object</kind>
         <file>SEGGER_SYSVIEW_FreeRTOS.obj</file>
         <name>SEGGER_SYSVIEW_FreeRTOS.obj</name>
      </input_file>
      <input_file id="fl-10">
         <path>.\ThirdParty\SEGGER\SEGGER\</path>
         <kind>object</kind>
         <file>SEGGER_RTT.obj</file>
         <name>SEGGER_RTT.obj</name>
      </input_file>
      <input_file id="fl-11">
         <path>.\ThirdParty\SEGGER\SEGGER\</path>
         <kind>object</kind>
         <file>SEGGER_RTT_printf.obj</file>
         <name>SEGGER_RTT_printf.obj</name>
      </input_file>
      <input_file id="fl-12">
         <path>.\ThirdParty\SEGGER\SEGGER\</path>
         <kind>object</kind>
         <file>SEGGER_SYSVIEW.obj</file>
         <name>SEGGER_SYSVIEW.obj</name>
      </input_file>
      <input_file id="fl-13">
         <path>.\ThirdParty\SEGGER\SEGGER\Syscalls\</path>
         <kind>object</kind>
         <file>SEGGER_RTT_Syscalls_GCC.obj</file>
         <name>SEGGER_RTT_Syscalls_GCC.obj</name>
      </input_file>
      <input_file id="fl-18">
         <kind>object</kind>
         <file>&lt;internal&gt;</file>
         <name>&lt;internal&gt;</name>
      </input_file>
      <input_file id="fl-19">
         <path>C:\ti\TivaWare_C_Series-2.2.0.295\driverlib\ccs\Debug\</path>
         <kind>archive</kind>
         <file>driverlib.lib</file>
         <name>gpio.obj</name>
      </input_file>
      <input_file id="fl-1a">
         <path>C:\ti\TivaWare_C_Series-2.2.0.295\driverlib\ccs\Debug\</path>
         <kind>archive</kind>
         <file>driverlib.lib</file>
         <name>interrupt.obj</name>
      </input_file>
      <input_file id="fl-1b">
         <path>C:\ti\TivaWare_C_Series-2.2.0.295\driverlib\ccs\Debug\</path>
         <kind>archive</kind>
         <file>driverlib.lib</file>
         <name>sysctl.obj</name>
      </input_file>
      <input_file id="fl-1c">
         <path>C:\ti\TivaWare_C_Series-2.2.0.295\driverlib\ccs\Debug\</path>
         <kind>archive</kind>
         <file>driverlib.lib</file>
         <name>cpu.obj</name>
      </input_file>
      <input_file id="fl-d2">
         <path>C:\ti\ccs1271\ccs\tools\compiler\ti-cgt-arm_20.2.7.LTS\lib\</path>
         <kind>archive</kind>
         <file>rtsv7M4_T_le_v4SPD16_eabi.lib</file>
         <name>ll_mul_t2.asm.obj</name>
      </input_file>
      <input_file id="fl-d3">
         <path>C:\ti\ccs1271\ccs\tools\compiler\ti-cgt-arm_20.2.7.LTS\lib\</path>
         <kind>archive</kind>
         <file>rtsv7M4_T_le_v4SPD16_eabi.lib</file>
         <name>memcpy_t2.asm.obj</name>
      </input_file>
      <input_file id="fl-d4">
         <path>C:\ti\ccs1271\ccs\tools\compiler\ti-cgt-arm_20.2.7.LTS\lib\</path>
         <kind>archive</kind>
         <file>rtsv7M4_T_le_v4SPD16_eabi.lib</file>
         <name>memset_t2.asm.obj</name>
      </input_file>
      <input_file id="fl-d5">
         <path>C:\ti\ccs1271\ccs\tools\compiler\ti-cgt-arm_20.2.7.LTS\lib\</path>
         <kind>archive</kind>
         <file>rtsv7M4_T_le_v4SPD16_eabi.lib</file>
         <name>copy_zero_init.c.obj</name>
      </input_file>
      <input_file id="fl-d6">
         <path>C:\ti\ccs1271\ccs\tools\compiler\ti-cgt-arm_20.2.7.LTS\lib\</path>
         <kind>archive</kind>
         <file>rtsv7M4_T_le_v4SPD16_eabi.lib</file>
         <name>copy_decompress_none.c.obj</name>
      </input_file>
      <input_file id="fl-d7">
         <path>C:\ti\ccs1271\ccs\tools\compiler\ti-cgt-arm_20.2.7.LTS\lib\</path>
         <kind>archive</kind>
         <file>rtsv7M4_T_le_v4SPD16_eabi.lib</file>
         <name>copy_decompress_lzss.c.obj</name>
      </input_file>
      <input_file id="fl-d8">
         <path>C:\ti\ccs1271\ccs\tools\compiler\ti-cgt-arm_20.2.7.LTS\lib\</path>
         <kind>archive</kind>
         <file>rtsv7M4_T_le_v4SPD16_eabi.lib</file>
         <name>memcmp.c.obj</name>
      </input_file>
      <input_file id="fl-d9">
         <path>C:\ti\ccs1271\ccs\tools\compiler\ti-cgt-arm_20.2.7.LTS\lib\</path>
         <kind>archive</kind>
         <file>rtsv7M4_T_le_v4SPD16_eabi.lib</file>
         <name>strlen.c.obj</name>
      </input_file>
      <input_file id="fl-da">
         <path>C:\ti\ccs1271\ccs\tools\compiler\ti-cgt-arm_20.2.7.LTS\lib\</path>
         <kind>archive</kind>
         <file>rtsv7M4_T_le_v4SPD16_eabi.lib</file>
         <name>boot_cortex_m.c.obj</name>
      </input_file>
      <input_file id="fl-db">
         <path>C:\ti\ccs1271\ccs\tools\compiler\ti-cgt-arm_20.2.7.LTS\lib\</path>
         <kind>archive</kind>
         <file>rtsv7M4_T_le_v4SPD16_eabi.lib</file>
         <name>autoinit.c.obj</name>
      </input_file>
      <input_file id="fl-dc">
         <path>C:\ti\ccs1271\ccs\tools\compiler\ti-cgt-arm_20.2.7.LTS\lib\</path>
         <kind>archive</kind>
         <file>rtsv7M4_T_le_v4SPD16_eabi.lib</file>
         <name>pre_init.c.obj</name>
      </input_file>
      <input_file id="fl-dd">
         <path>C:\ti\ccs1271\ccs\tools\compiler\ti-cgt-arm_20.2.7.LTS\lib\</path>
         <kind>archive</kind>
         <file>rtsv7M4_T_le_v4SPD16_eabi.lib</file>
         <name>cpy_tbl.c.obj</name>
      </input_file>
      <input_file id="fl-de">
         <path>C:\ti\ccs1271\ccs\tools\compiler\ti-cgt-arm_20.2.7.LTS\lib\</path>
         <kind>archive</kind>
         <file>rtsv7M4_T_le_v4SPD16_eabi.lib</file>
         <name>exit.c.obj</name>
      </input_file>
      <input_file id="fl-df">
         <path>C:\ti\ccs1271\ccs\tools\compiler\ti-cgt-arm_20.2.7.LTS\lib\</path>
         <kind>archive</kind>
         <file>rtsv7M4_T_le_v4SPD16_eabi.lib</file>
         <name>_lock.c.obj</name>
      </input_file>
      <input_file id="fl-e0">
         <path>C:\ti\ccs1271\ccs\tools\compiler\ti-cgt-arm_20.2.7.LTS\lib\</path>
         <kind>archive</kind>
         <file>rtsv7M4_T_le_v4SPD16_eabi.lib</file>
         <name>args_main.c.obj</name>
      </input_file>
   </input_file_list>
   <object_component_list>
      <object_component id="oc-12">
         <name>.intvecs</name>
         <load_address>0x0</load_address>
         <run_address>0x0</run_address>
         <size>0x26c</size>
         <input_file_ref idref="fl-3"/>
      </object_component>
      <object_component id="oc-86">
         <name>.text</name>
         <load_address>0x26c</load_address>
         <run_address>0x26c</run_address>
         <size>0x2fb8</size>
         <input_file_ref idref="fl-12"/>
      </object_component>
      <object_component id="oc-7f">
         <name>.text</name>
         <load_address>0x3224</load_address>
         <run_address>0x3224</run_address>
         <size>0x1864</size>
         <input_file_ref idref="fl-9"/>
      </object_component>
      <object_component id="oc-220">
         <name>.text</name>
         <load_address>0x4a88</load_address>
         <run_address>0x4a88</run_address>
         <size>0x12ee</size>
         <input_file_ref idref="fl-7"/>
      </object_component>
      <object_component id="oc-10f">
         <name>.text</name>
         <load_address>0x5d78</load_address>
         <run_address>0x5d78</run_address>
         <size>0x1140</size>
         <input_file_ref idref="fl-10"/>
      </object_component>
      <object_component id="oc-f6">
         <name>.text</name>
         <load_address>0x6eb8</load_address>
         <run_address>0x6eb8</run_address>
         <size>0x79c</size>
         <input_file_ref idref="fl-a"/>
      </object_component>
      <object_component id="oc-e4">
         <name>.text</name>
         <load_address>0x7654</load_address>
         <run_address>0x7654</run_address>
         <size>0x450</size>
         <input_file_ref idref="fl-d"/>
      </object_component>
      <object_component id="oc-f0">
         <name>.text</name>
         <load_address>0x7aa4</load_address>
         <run_address>0x7aa4</run_address>
         <size>0x3d0</size>
         <input_file_ref idref="fl-f"/>
      </object_component>
      <object_component id="oc-32">
         <name>.text</name>
         <load_address>0x7e74</load_address>
         <run_address>0x7e74</run_address>
         <size>0x350</size>
         <input_file_ref idref="fl-b"/>
      </object_component>
      <object_component id="oc-284">
         <name>.text:GPIOPadConfigSet</name>
         <load_address>0x81c4</load_address>
         <run_address>0x81c4</run_address>
         <size>0x16c</size>
         <input_file_ref idref="fl-19"/>
      </object_component>
      <object_component id="oc-ea">
         <name>.text</name>
         <load_address>0x8330</load_address>
         <run_address>0x8330</run_address>
         <size>0x12a</size>
         <input_file_ref idref="fl-6"/>
      </object_component>
      <object_component id="oc-175">
         <name>.text:SysCtlClockGet</name>
         <load_address>0x845c</load_address>
         <run_address>0x845c</run_address>
         <size>0x118</size>
         <input_file_ref idref="fl-1b"/>
      </object_component>
      <object_component id="oc-c8">
         <name>.text</name>
         <load_address>0x8574</load_address>
         <run_address>0x8574</run_address>
         <size>0x118</size>
         <input_file_ref idref="fl-2"/>
      </object_component>
      <object_component id="oc-17c">
         <name>.text:SysCtlClockSet</name>
         <load_address>0x868c</load_address>
         <run_address>0x868c</run_address>
         <size>0xf4</size>
         <input_file_ref idref="fl-1b"/>
      </object_component>
      <object_component id="oc-2d">
         <name>.text</name>
         <load_address>0x8780</load_address>
         <run_address>0x8780</run_address>
         <size>0xda</size>
         <input_file_ref idref="fl-c"/>
      </object_component>
      <object_component id="oc-46">
         <name>.text</name>
         <load_address>0x885a</load_address>
         <run_address>0x885a</run_address>
         <size>0x9c</size>
         <input_file_ref idref="fl-d3"/>
      </object_component>
      <object_component id="oc-19a">
         <name>.text</name>
         <load_address>0x88f8</load_address>
         <run_address>0x88f8</run_address>
         <size>0x88</size>
         <input_file_ref idref="fl-e"/>
      </object_component>
      <object_component id="oc-bc">
         <name>.text</name>
         <load_address>0x8980</load_address>
         <run_address>0x8980</run_address>
         <size>0x7a</size>
         <input_file_ref idref="fl-d4"/>
      </object_component>
      <object_component id="oc-15">
         <name>.text:decompress:lzss:__TI_decompress_lzss</name>
         <load_address>0x89fa</load_address>
         <run_address>0x89fa</run_address>
         <size>0x68</size>
         <input_file_ref idref="fl-d7"/>
      </object_component>
      <object_component id="oc-1b3">
         <name>.text:__TI_auto_init_nobinit_nopinit:__TI_auto_init_nobinit_nopinit</name>
         <load_address>0x8a64</load_address>
         <run_address>0x8a64</run_address>
         <size>0x44</size>
         <input_file_ref idref="fl-db"/>
      </object_component>
      <object_component id="oc-188">
         <name>.text:SysCtlPeripheralReady</name>
         <load_address>0x8aa8</load_address>
         <run_address>0x8aa8</run_address>
         <size>0x38</size>
         <input_file_ref idref="fl-1b"/>
      </object_component>
      <object_component id="oc-182">
         <name>.text:SysCtlPeripheralEnable</name>
         <load_address>0x8ae0</load_address>
         <run_address>0x8ae0</run_address>
         <size>0x34</size>
         <input_file_ref idref="fl-1b"/>
      </object_component>
      <object_component id="oc-64">
         <name>.text:_c_int00_noargs:_c_int00_noargs</name>
         <load_address>0x8b14</load_address>
         <run_address>0x8b14</run_address>
         <size>0x34</size>
         <input_file_ref idref="fl-da"/>
      </object_component>
      <object_component id="oc-28a">
         <name>.text:GPIODirModeSet</name>
         <load_address>0x8b48</load_address>
         <run_address>0x8b48</run_address>
         <size>0x2c</size>
         <input_file_ref idref="fl-19"/>
      </object_component>
      <object_component id="oc-212">
         <name>.text:memcmp</name>
         <load_address>0x8b74</load_address>
         <run_address>0x8b74</run_address>
         <size>0x24</size>
         <input_file_ref idref="fl-d8"/>
      </object_component>
      <object_component id="oc-194">
         <name>.text:GPIOPinTypeGPIOOutput</name>
         <load_address>0x8b98</load_address>
         <run_address>0x8b98</run_address>
         <size>0x1a</size>
         <input_file_ref idref="fl-19"/>
      </object_component>
      <object_component id="oc-18e">
         <name>.text:GPIOUnlockPin</name>
         <load_address>0x8bb4</load_address>
         <run_address>0x8bb4</run_address>
         <size>0x18</size>
         <input_file_ref idref="fl-19"/>
      </object_component>
      <object_component id="oc-20d">
         <name>.text</name>
         <load_address>0x8bcc</load_address>
         <run_address>0x8bcc</run_address>
         <size>0x18</size>
         <input_file_ref idref="fl-d2"/>
      </object_component>
      <object_component id="oc-254">
         <name>.text:strlen</name>
         <load_address>0x8be4</load_address>
         <run_address>0x8be4</run_address>
         <size>0x14</size>
         <input_file_ref idref="fl-d9"/>
      </object_component>
      <object_component id="oc-1b">
         <name>.text:decompress:none:__TI_decompress_none</name>
         <load_address>0x8bf8</load_address>
         <run_address>0x8bf8</run_address>
         <size>0xe</size>
         <input_file_ref idref="fl-d6"/>
      </object_component>
      <object_component id="oc-58">
         <name>.text:decompress:ZI:__TI_zero_init</name>
         <load_address>0x8c06</load_address>
         <run_address>0x8c06</run_address>
         <size>0xc</size>
         <input_file_ref idref="fl-d5"/>
      </object_component>
      <object_component id="oc-27">
         <name>.text</name>
         <load_address>0x8c12</load_address>
         <run_address>0x8c12</run_address>
         <size>0xc</size>
         <input_file_ref idref="fl-3"/>
      </object_component>
      <object_component id="oc-1a0">
         <name>.text:GPIOPinWrite</name>
         <load_address>0x8c1e</load_address>
         <run_address>0x8c1e</run_address>
         <size>0x6</size>
         <input_file_ref idref="fl-19"/>
      </object_component>
      <object_component id="oc-17b">
         <name>.text:SysCtlDelay</name>
         <load_address>0x8c24</load_address>
         <run_address>0x8c24</run_address>
         <size>0x6</size>
         <input_file_ref idref="fl-1b"/>
      </object_component>
      <object_component id="oc-c2">
         <name>.text:_system_pre_init</name>
         <load_address>0x8c2a</load_address>
         <run_address>0x8c2a</run_address>
         <size>0x4</size>
         <input_file_ref idref="fl-dc"/>
      </object_component>
      <object_component id="oc-1a7">
         <name>.text:abort:abort</name>
         <load_address>0x8c2e</load_address>
         <run_address>0x8c2e</run_address>
         <size>0x4</size>
         <input_file_ref idref="fl-de"/>
      </object_component>
      <object_component id="oc-275">
         <name>.const:g_pui32Xtals</name>
         <load_address>0x8c34</load_address>
         <run_address>0x8c34</run_address>
         <size>0x6c</size>
         <input_file_ref idref="fl-1b"/>
      </object_component>
      <object_component id="oc-250">
         <name>.const:.string:_aInitStr$1</name>
         <load_address>0x8ca0</load_address>
         <run_address>0x8ca0</run_address>
         <size>0x11</size>
         <input_file_ref idref="fl-10"/>
      </object_component>
      <object_component id="oc-251">
         <name>.const:.string:_aTerminalId</name>
         <load_address>0x8cb1</load_address>
         <run_address>0x8cb1</run_address>
         <size>0x10</size>
         <input_file_ref idref="fl-10"/>
      </object_component>
      <object_component id="oc-11e">
         <name>.const:.string:_aV2C$1</name>
         <load_address>0x8cc1</load_address>
         <run_address>0x8cc1</run_address>
         <size>0x10</size>
         <input_file_ref idref="fl-12"/>
      </object_component>
      <object_component id="oc-125">
         <name>.const:.string:_abSync</name>
         <load_address>0x8cd1</load_address>
         <run_address>0x8cd1</run_address>
         <size>0xa</size>
         <input_file_ref idref="fl-12"/>
      </object_component>
      <object_component id="oc-291">
         <name>.const:SYSVIEW_X_OS_TraceAPI</name>
         <load_address>0x8cdc</load_address>
         <run_address>0x8cdc</run_address>
         <size>0x8</size>
         <input_file_ref idref="fl-f"/>
      </object_component>
      <object_component id="oc-7c">
         <name>.const</name>
         <load_address>0x8ce4</load_address>
         <run_address>0x8ce4</run_address>
         <size>0x8</size>
         <input_file_ref idref="fl-b"/>
      </object_component>
      <object_component id="oc-102">
         <name>.const</name>
         <load_address>0x8cec</load_address>
         <run_address>0x8cec</run_address>
         <size>0x4</size>
         <input_file_ref idref="fl-9"/>
      </object_component>
      <object_component id="oc-388">
         <name>.cinit..data.load</name>
         <load_address>0x8cf0</load_address>
         <run_address>0x8cf0</run_address>
         <size>0x12</size>
      </object_component>
      <object_component id="oc-386">
         <name>__TI_handler_table</name>
         <load_address>0x8d04</load_address>
         <run_address>0x8d04</run_address>
         <size>0xc</size>
      </object_component>
      <object_component id="oc-389">
         <name>.cinit..bss.load</name>
         <load_address>0x8d10</load_address>
         <run_address>0x8d10</run_address>
         <size>0x8</size>
      </object_component>
      <object_component id="oc-387">
         <name>__TI_cinit_table</name>
         <load_address>0x8d18</load_address>
         <run_address>0x8d18</run_address>
         <size>0x10</size>
      </object_component>
      <object_component id="oc-79">
         <name>.data</name>
         <load_address>0x20005940</load_address>
         <run_address>0x20005940</run_address>
         <size>0x30</size>
         <input_file_ref idref="fl-9"/>
      </object_component>
      <object_component id="oc-226">
         <name>.data</name>
         <load_address>0x20005994</load_address>
         <run_address>0x20005994</run_address>
         <size>0xc</size>
         <input_file_ref idref="fl-a"/>
      </object_component>
      <object_component id="oc-8c">
         <name>.data</name>
         <load_address>0x20005988</load_address>
         <run_address>0x20005988</run_address>
         <size>0xc</size>
         <input_file_ref idref="fl-b"/>
      </object_component>
      <object_component id="oc-200">
         <name>.data</name>
         <load_address>0x20005970</load_address>
         <run_address>0x20005970</run_address>
         <size>0x18</size>
         <input_file_ref idref="fl-d"/>
      </object_component>
      <object_component id="oc-fc">
         <name>.bss:pxReadyTasksLists</name>
         <uninitialized>true</uninitialized>
         <run_address>0x20005614</run_address>
         <size>0x64</size>
         <input_file_ref idref="fl-9"/>
      </object_component>
      <object_component id="oc-108">
         <name>.bss:xDelayedTaskList1</name>
         <uninitialized>true</uninitialized>
         <run_address>0x200056c8</run_address>
         <size>0x14</size>
         <input_file_ref idref="fl-9"/>
      </object_component>
      <object_component id="oc-10b">
         <name>.bss:xDelayedTaskList2</name>
         <uninitialized>true</uninitialized>
         <run_address>0x200056dc</run_address>
         <size>0x14</size>
         <input_file_ref idref="fl-9"/>
      </object_component>
      <object_component id="oc-ff">
         <name>.bss</name>
         <uninitialized>true</uninitialized>
         <run_address>0x2000571c</run_address>
         <size>0x8</size>
         <input_file_ref idref="fl-9"/>
      </object_component>
      <object_component id="oc-105">
         <name>.bss:xPendingReadyList</name>
         <uninitialized>true</uninitialized>
         <run_address>0x200056f0</run_address>
         <size>0x14</size>
         <input_file_ref idref="fl-9"/>
      </object_component>
      <object_component id="oc-22c">
         <name>.bss:xActiveTimerList1</name>
         <uninitialized>true</uninitialized>
         <run_address>0x200056a0</run_address>
         <size>0x14</size>
         <input_file_ref idref="fl-a"/>
      </object_component>
      <object_component id="oc-22f">
         <name>.bss:xActiveTimerList2</name>
         <uninitialized>true</uninitialized>
         <run_address>0x200056b4</run_address>
         <size>0x14</size>
         <input_file_ref idref="fl-a"/>
      </object_component>
      <object_component id="oc-229">
         <name>.bss</name>
         <uninitialized>true</uninitialized>
         <run_address>0x20005724</run_address>
         <size>0x8</size>
         <input_file_ref idref="fl-a"/>
      </object_component>
      <object_component id="oc-206">
         <name>.bss:ucHeap</name>
         <uninitialized>true</uninitialized>
         <run_address>0x20000000</run_address>
         <size>0x4000</size>
         <input_file_ref idref="fl-d"/>
      </object_component>
      <object_component id="oc-203">
         <name>.bss:xStart</name>
         <uninitialized>true</uninitialized>
         <run_address>0x2000572c</run_address>
         <size>0x8</size>
         <input_file_ref idref="fl-d"/>
      </object_component>
      <object_component id="oc-218">
         <name>.bss:_aTasks</name>
         <uninitialized>true</uninitialized>
         <run_address>0x200054e4</run_address>
         <size>0xa0</size>
         <input_file_ref idref="fl-f"/>
      </object_component>
      <object_component id="oc-21b">
         <name>.bss</name>
         <uninitialized>true</uninitialized>
         <run_address>0x2000573c</run_address>
         <size>0x4</size>
         <input_file_ref idref="fl-f"/>
      </object_component>
      <object_component id="oc-24a">
         <name>.bss:_acUpBuffer</name>
         <uninitialized>true</uninitialized>
         <run_address>0x20005000</run_address>
         <size>0x400</size>
         <input_file_ref idref="fl-10"/>
      </object_component>
      <object_component id="oc-24d">
         <name>.bss:_acDownBuffer</name>
         <uninitialized>true</uninitialized>
         <run_address>0x20005704</run_address>
         <size>0x10</size>
         <input_file_ref idref="fl-10"/>
      </object_component>
      <object_component id="oc-25a">
         <name>.bss</name>
         <uninitialized>true</uninitialized>
         <run_address>0x20005739</run_address>
         <size>0x1</size>
         <input_file_ref idref="fl-10"/>
      </object_component>
      <object_component id="oc-11f">
         <name>.bss:_UpBuffer</name>
         <uninitialized>true</uninitialized>
         <run_address>0x20004000</run_address>
         <size>0x1000</size>
         <input_file_ref idref="fl-12"/>
      </object_component>
      <object_component id="oc-122">
         <name>.bss:_DownBuffer</name>
         <uninitialized>true</uninitialized>
         <run_address>0x20005714</run_address>
         <size>0x8</size>
         <input_file_ref idref="fl-12"/>
      </object_component>
      <object_component id="oc-115">
         <name>.bss:_SYSVIEW_Globals</name>
         <uninitialized>true</uninitialized>
         <run_address>0x20005678</run_address>
         <size>0x28</size>
         <input_file_ref idref="fl-12"/>
      </object_component>
      <object_component id="oc-128">
         <name>.bss</name>
         <uninitialized>true</uninitialized>
         <run_address>0x20005734</run_address>
         <size>0x5</size>
         <input_file_ref idref="fl-12"/>
      </object_component>
      <object_component id="oc-11b">
         <name>.bss:_aPacket</name>
         <uninitialized>true</uninitialized>
         <run_address>0x20005400</run_address>
         <size>0xe4</size>
         <input_file_ref idref="fl-12"/>
      </object_component>
      <object_component id="oc-118">
         <name>.common:_SEGGER_RTT</name>
         <uninitialized>true</uninitialized>
         <run_address>0x20005584</run_address>
         <size>0x90</size>
      </object_component>
      <object_component id="oc-24">
         <name>.stack</name>
         <uninitialized>true</uninitialized>
         <run_address>0x20005740</run_address>
         <size>0x4</size>
         <input_file_ref idref="fl-da"/>
      </object_component>
      <object_component id="oc-38b">
         <name>.stack</name>
         <uninitialized>true</uninitialized>
         <run_address>0x20005740</run_address>
         <size>0x0</size>
      </object_component>
      <object_component id="oc-15a">
         <name>.debug_info</name>
         <load_address>0x0</load_address>
         <run_address>0x0</run_address>
         <size>0x792</size>
         <input_file_ref idref="fl-2"/>
      </object_component>
      <object_component id="oc-ca">
         <name>.debug_info</name>
         <load_address>0x792</load_address>
         <run_address>0x792</run_address>
         <size>0x43d</size>
         <input_file_ref idref="fl-2"/>
      </object_component>
      <object_component id="oc-14b">
         <name>.debug_info</name>
         <load_address>0xbcf</load_address>
         <run_address>0xbcf</run_address>
         <size>0x315</size>
         <input_file_ref idref="fl-2"/>
      </object_component>
      <object_component id="oc-a2">
         <name>.debug_info</name>
         <load_address>0xee4</load_address>
         <run_address>0xee4</run_address>
         <size>0x26b</size>
         <input_file_ref idref="fl-2"/>
      </object_component>
      <object_component id="oc-13c">
         <name>.debug_info</name>
         <load_address>0x114f</load_address>
         <run_address>0x114f</run_address>
         <size>0x226</size>
         <input_file_ref idref="fl-2"/>
      </object_component>
      <object_component id="oc-141">
         <name>.debug_info</name>
         <load_address>0x1375</load_address>
         <run_address>0x1375</run_address>
         <size>0x165</size>
         <input_file_ref idref="fl-2"/>
      </object_component>
      <object_component id="oc-155">
         <name>.debug_info</name>
         <load_address>0x14da</load_address>
         <run_address>0x14da</run_address>
         <size>0x461</size>
         <input_file_ref idref="fl-2"/>
      </object_component>
      <object_component id="oc-15b">
         <name>.debug_info</name>
         <load_address>0x193b</load_address>
         <run_address>0x193b</run_address>
         <size>0x8b</size>
         <input_file_ref idref="fl-2"/>
      </object_component>
      <object_component id="oc-91">
         <name>.debug_info</name>
         <load_address>0x19c6</load_address>
         <run_address>0x19c6</run_address>
         <size>0x2c</size>
         <input_file_ref idref="fl-2"/>
      </object_component>
      <object_component id="oc-160">
         <name>.debug_info</name>
         <load_address>0x19f2</load_address>
         <run_address>0x19f2</run_address>
         <size>0x2a4</size>
         <input_file_ref idref="fl-2"/>
      </object_component>
      <object_component id="oc-9b">
         <name>.debug_info</name>
         <load_address>0x1c96</load_address>
         <run_address>0x1c96</run_address>
         <size>0xbb</size>
         <input_file_ref idref="fl-2"/>
      </object_component>
      <object_component id="oc-146">
         <name>.debug_info</name>
         <load_address>0x1d51</load_address>
         <run_address>0x1d51</run_address>
         <size>0x53</size>
         <input_file_ref idref="fl-2"/>
      </object_component>
      <object_component id="oc-96">
         <name>.debug_info</name>
         <load_address>0x1da4</load_address>
         <run_address>0x1da4</run_address>
         <size>0x53</size>
         <input_file_ref idref="fl-2"/>
      </object_component>
      <object_component id="oc-133">
         <name>.debug_info</name>
         <load_address>0x1df7</load_address>
         <run_address>0x1df7</run_address>
         <size>0x2c</size>
         <input_file_ref idref="fl-2"/>
      </object_component>
      <object_component id="oc-150">
         <name>.debug_info</name>
         <load_address>0x1e23</load_address>
         <run_address>0x1e23</run_address>
         <size>0x14c</size>
         <input_file_ref idref="fl-2"/>
      </object_component>
      <object_component id="oc-3a">
         <name>.debug_info</name>
         <load_address>0x1f6f</load_address>
         <run_address>0x1f6f</run_address>
         <size>0x347</size>
         <input_file_ref idref="fl-3"/>
      </object_component>
      <object_component id="oc-13">
         <name>.debug_info</name>
         <load_address>0x22b6</load_address>
         <run_address>0x22b6</run_address>
         <size>0x106</size>
         <input_file_ref idref="fl-3"/>
      </object_component>
      <object_component id="oc-29">
         <name>.debug_info</name>
         <load_address>0x23bc</load_address>
         <run_address>0x23bc</run_address>
         <size>0x282</size>
         <input_file_ref idref="fl-3"/>
      </object_component>
      <object_component id="oc-41">
         <name>.debug_info</name>
         <load_address>0x263e</load_address>
         <run_address>0x263e</run_address>
         <size>0x84</size>
         <input_file_ref idref="fl-3"/>
      </object_component>
      <object_component id="oc-2b6">
         <name>.debug_info</name>
         <load_address>0x26c2</load_address>
         <run_address>0x26c2</run_address>
         <size>0x7ec</size>
         <input_file_ref idref="fl-5"/>
      </object_component>
      <object_component id="oc-1ec">
         <name>.debug_info</name>
         <load_address>0x2eae</load_address>
         <run_address>0x2eae</run_address>
         <size>0x110</size>
         <input_file_ref idref="fl-5"/>
      </object_component>
      <object_component id="oc-1fb">
         <name>.debug_info</name>
         <load_address>0x2fbe</load_address>
         <run_address>0x2fbe</run_address>
         <size>0x461</size>
         <input_file_ref idref="fl-5"/>
      </object_component>
      <object_component id="oc-339">
         <name>.debug_info</name>
         <load_address>0x341f</load_address>
         <run_address>0x341f</run_address>
         <size>0x76</size>
         <input_file_ref idref="fl-5"/>
      </object_component>
      <object_component id="oc-33e">
         <name>.debug_info</name>
         <load_address>0x3495</load_address>
         <run_address>0x3495</run_address>
         <size>0x39</size>
         <input_file_ref idref="fl-5"/>
      </object_component>
      <object_component id="oc-2c5">
         <name>.debug_info</name>
         <load_address>0x34ce</load_address>
         <run_address>0x34ce</run_address>
         <size>0x109</size>
         <input_file_ref idref="fl-5"/>
      </object_component>
      <object_component id="oc-1e7">
         <name>.debug_info</name>
         <load_address>0x35d7</load_address>
         <run_address>0x35d7</run_address>
         <size>0x4f</size>
         <input_file_ref idref="fl-5"/>
      </object_component>
      <object_component id="oc-20c">
         <name>.debug_info</name>
         <load_address>0x3626</load_address>
         <run_address>0x3626</run_address>
         <size>0x4f5</size>
         <input_file_ref idref="fl-6"/>
      </object_component>
      <object_component id="oc-ed">
         <name>.debug_info</name>
         <load_address>0x3b1b</load_address>
         <run_address>0x3b1b</run_address>
         <size>0x588</size>
         <input_file_ref idref="fl-6"/>
      </object_component>
      <object_component id="oc-2b7">
         <name>.debug_info</name>
         <load_address>0x40a3</load_address>
         <run_address>0x40a3</run_address>
         <size>0xbe5</size>
         <input_file_ref idref="fl-7"/>
      </object_component>
      <object_component id="oc-221">
         <name>.debug_info</name>
         <load_address>0x4c88</load_address>
         <run_address>0x4c88</run_address>
         <size>0x3fd2</size>
         <input_file_ref idref="fl-7"/>
      </object_component>
      <object_component id="oc-345">
         <name>.debug_info</name>
         <load_address>0x8c5a</load_address>
         <run_address>0x8c5a</run_address>
         <size>0x1ef</size>
         <input_file_ref idref="fl-7"/>
      </object_component>
      <object_component id="oc-2db">
         <name>.debug_info</name>
         <load_address>0x8e49</load_address>
         <run_address>0x8e49</run_address>
         <size>0x46</size>
         <input_file_ref idref="fl-7"/>
      </object_component>
      <object_component id="oc-1f1">
         <name>.debug_info</name>
         <load_address>0x8e8f</load_address>
         <run_address>0x8e8f</run_address>
         <size>0x35</size>
         <input_file_ref idref="fl-7"/>
      </object_component>
      <object_component id="oc-16c">
         <name>.debug_info</name>
         <load_address>0x8ec4</load_address>
         <run_address>0x8ec4</run_address>
         <size>0x2c</size>
         <input_file_ref idref="fl-8"/>
      </object_component>
      <object_component id="oc-dc">
         <name>.debug_info</name>
         <load_address>0x8ef0</load_address>
         <run_address>0x8ef0</run_address>
         <size>0xcea</size>
         <input_file_ref idref="fl-9"/>
      </object_component>
      <object_component id="oc-7a">
         <name>.debug_info</name>
         <load_address>0x9bda</load_address>
         <run_address>0x9bda</run_address>
         <size>0x326</size>
         <input_file_ref idref="fl-9"/>
      </object_component>
      <object_component id="oc-fd">
         <name>.debug_info</name>
         <load_address>0x9f00</load_address>
         <run_address>0x9f00</run_address>
         <size>0x118</size>
         <input_file_ref idref="fl-9"/>
      </object_component>
      <object_component id="oc-109">
         <name>.debug_info</name>
         <load_address>0xa018</load_address>
         <run_address>0xa018</run_address>
         <size>0x118</size>
         <input_file_ref idref="fl-9"/>
      </object_component>
      <object_component id="oc-10c">
         <name>.debug_info</name>
         <load_address>0xa130</load_address>
         <run_address>0xa130</run_address>
         <size>0x118</size>
         <input_file_ref idref="fl-9"/>
      </object_component>
      <object_component id="oc-100">
         <name>.debug_info</name>
         <load_address>0xa248</load_address>
         <run_address>0xa248</run_address>
         <size>0x15b</size>
         <input_file_ref idref="fl-9"/>
      </object_component>
      <object_component id="oc-106">
         <name>.debug_info</name>
         <load_address>0xa3a3</load_address>
         <run_address>0xa3a3</run_address>
         <size>0x118</size>
         <input_file_ref idref="fl-9"/>
      </object_component>
      <object_component id="oc-103">
         <name>.debug_info</name>
         <load_address>0xa4bb</load_address>
         <run_address>0xa4bb</run_address>
         <size>0x119</size>
         <input_file_ref idref="fl-9"/>
      </object_component>
      <object_component id="oc-80">
         <name>.debug_info</name>
         <load_address>0xa5d4</load_address>
         <run_address>0xa5d4</run_address>
         <size>0x4b70</size>
         <input_file_ref idref="fl-9"/>
      </object_component>
      <object_component id="oc-dd">
         <name>.debug_info</name>
         <load_address>0xf144</load_address>
         <run_address>0xf144</run_address>
         <size>0x30c</size>
         <input_file_ref idref="fl-9"/>
      </object_component>
      <object_component id="oc-1f6">
         <name>.debug_info</name>
         <load_address>0xf450</load_address>
         <run_address>0xf450</run_address>
         <size>0x146</size>
         <input_file_ref idref="fl-9"/>
      </object_component>
      <object_component id="oc-238">
         <name>.debug_info</name>
         <load_address>0xf596</load_address>
         <run_address>0xf596</run_address>
         <size>0x98b</size>
         <input_file_ref idref="fl-a"/>
      </object_component>
      <object_component id="oc-22d">
         <name>.debug_info</name>
         <load_address>0xff21</load_address>
         <run_address>0xff21</run_address>
         <size>0x118</size>
         <input_file_ref idref="fl-a"/>
      </object_component>
      <object_component id="oc-230">
         <name>.debug_info</name>
         <load_address>0x10039</load_address>
         <run_address>0x10039</run_address>
         <size>0x118</size>
         <input_file_ref idref="fl-a"/>
      </object_component>
      <object_component id="oc-22a">
         <name>.debug_info</name>
         <load_address>0x10151</load_address>
         <run_address>0x10151</run_address>
         <size>0x150</size>
         <input_file_ref idref="fl-a"/>
      </object_component>
      <object_component id="oc-227">
         <name>.debug_info</name>
         <load_address>0x102a1</load_address>
         <run_address>0x102a1</run_address>
         <size>0x13c</size>
         <input_file_ref idref="fl-a"/>
      </object_component>
      <object_component id="oc-f7">
         <name>.debug_info</name>
         <load_address>0x103dd</load_address>
         <run_address>0x103dd</run_address>
         <size>0x21f4</size>
         <input_file_ref idref="fl-a"/>
      </object_component>
      <object_component id="oc-239">
         <name>.debug_info</name>
         <load_address>0x125d1</load_address>
         <run_address>0x125d1</run_address>
         <size>0x1ce</size>
         <input_file_ref idref="fl-a"/>
      </object_component>
      <object_component id="oc-2e2">
         <name>.debug_info</name>
         <load_address>0x1279f</load_address>
         <run_address>0x1279f</run_address>
         <size>0x4f</size>
         <input_file_ref idref="fl-a"/>
      </object_component>
      <object_component id="oc-233">
         <name>.debug_info</name>
         <load_address>0x127ee</load_address>
         <run_address>0x127ee</run_address>
         <size>0x46</size>
         <input_file_ref idref="fl-a"/>
      </object_component>
      <object_component id="oc-90">
         <name>.debug_info</name>
         <load_address>0x12834</load_address>
         <run_address>0x12834</run_address>
         <size>0x6b4</size>
         <input_file_ref idref="fl-b"/>
      </object_component>
      <object_component id="oc-7d">
         <name>.debug_info</name>
         <load_address>0x12ee8</load_address>
         <run_address>0x12ee8</run_address>
         <size>0x18d</size>
         <input_file_ref idref="fl-b"/>
      </object_component>
      <object_component id="oc-8d">
         <name>.debug_info</name>
         <load_address>0x13075</load_address>
         <run_address>0x13075</run_address>
         <size>0x198</size>
         <input_file_ref idref="fl-b"/>
      </object_component>
      <object_component id="oc-35">
         <name>.debug_info</name>
         <load_address>0x1320d</load_address>
         <run_address>0x1320d</run_address>
         <size>0xbc9</size>
         <input_file_ref idref="fl-b"/>
      </object_component>
      <object_component id="oc-30">
         <name>.debug_info</name>
         <load_address>0x13dd6</load_address>
         <run_address>0x13dd6</run_address>
         <size>0x27a</size>
         <input_file_ref idref="fl-c"/>
      </object_component>
      <object_component id="oc-20a">
         <name>.debug_info</name>
         <load_address>0x14050</load_address>
         <run_address>0x14050</run_address>
         <size>0x5eb</size>
         <input_file_ref idref="fl-d"/>
      </object_component>
      <object_component id="oc-207">
         <name>.debug_info</name>
         <load_address>0x1463b</load_address>
         <run_address>0x1463b</run_address>
         <size>0x113</size>
         <input_file_ref idref="fl-d"/>
      </object_component>
      <object_component id="oc-204">
         <name>.debug_info</name>
         <load_address>0x1474e</load_address>
         <run_address>0x1474e</run_address>
         <size>0x113</size>
         <input_file_ref idref="fl-d"/>
      </object_component>
      <object_component id="oc-201">
         <name>.debug_info</name>
         <load_address>0x14861</load_address>
         <run_address>0x14861</run_address>
         <size>0x253</size>
         <input_file_ref idref="fl-d"/>
      </object_component>
      <object_component id="oc-e6">
         <name>.debug_info</name>
         <load_address>0x14ab4</load_address>
         <run_address>0x14ab4</run_address>
         <size>0xa75</size>
         <input_file_ref idref="fl-d"/>
      </object_component>
      <object_component id="oc-2bc">
         <name>.debug_info</name>
         <load_address>0x15529</load_address>
         <run_address>0x15529</run_address>
         <size>0x62</size>
         <input_file_ref idref="fl-d"/>
      </object_component>
      <object_component id="oc-19b">
         <name>.debug_info</name>
         <load_address>0x1558b</load_address>
         <run_address>0x1558b</run_address>
         <size>0x2f9</size>
         <input_file_ref idref="fl-e"/>
      </object_component>
      <object_component id="oc-21f">
         <name>.debug_info</name>
         <load_address>0x15884</load_address>
         <run_address>0x15884</run_address>
         <size>0x63c</size>
         <input_file_ref idref="fl-f"/>
      </object_component>
      <object_component id="oc-219">
         <name>.debug_info</name>
         <load_address>0x15ec0</load_address>
         <run_address>0x15ec0</run_address>
         <size>0x10f</size>
         <input_file_ref idref="fl-f"/>
      </object_component>
      <object_component id="oc-21c">
         <name>.debug_info</name>
         <load_address>0x15fcf</load_address>
         <run_address>0x15fcf</run_address>
         <size>0x113</size>
         <input_file_ref idref="fl-f"/>
      </object_component>
      <object_component id="oc-292">
         <name>.debug_info</name>
         <load_address>0x160e2</load_address>
         <run_address>0x160e2</run_address>
         <size>0x12c</size>
         <input_file_ref idref="fl-f"/>
      </object_component>
      <object_component id="oc-f1">
         <name>.debug_info</name>
         <load_address>0x1620e</load_address>
         <run_address>0x1620e</run_address>
         <size>0x96a</size>
         <input_file_ref idref="fl-f"/>
      </object_component>
      <object_component id="oc-2d5">
         <name>.debug_info</name>
         <load_address>0x16b78</load_address>
         <run_address>0x16b78</run_address>
         <size>0x9e</size>
         <input_file_ref idref="fl-f"/>
      </object_component>
      <object_component id="oc-119">
         <name>.debug_info</name>
         <load_address>0x16c16</load_address>
         <run_address>0x16c16</run_address>
         <size>0x3fa</size>
         <input_file_ref idref="fl-10"/>
      </object_component>
      <object_component id="oc-252">
         <name>.debug_info</name>
         <load_address>0x17010</load_address>
         <run_address>0x17010</run_address>
         <size>0x110</size>
         <input_file_ref idref="fl-10"/>
      </object_component>
      <object_component id="oc-24b">
         <name>.debug_info</name>
         <load_address>0x17120</load_address>
         <run_address>0x17120</run_address>
         <size>0x10e</size>
         <input_file_ref idref="fl-10"/>
      </object_component>
      <object_component id="oc-24e">
         <name>.debug_info</name>
         <load_address>0x1722e</load_address>
         <run_address>0x1722e</run_address>
         <size>0x112</size>
         <input_file_ref idref="fl-10"/>
      </object_component>
      <object_component id="oc-25b">
         <name>.debug_info</name>
         <load_address>0x17340</load_address>
         <run_address>0x17340</run_address>
         <size>0x116</size>
         <input_file_ref idref="fl-10"/>
      </object_component>
      <object_component id="oc-112">
         <name>.debug_info</name>
         <load_address>0x17456</load_address>
         <run_address>0x17456</run_address>
         <size>0x3d8f</size>
         <input_file_ref idref="fl-10"/>
      </object_component>
      <object_component id="oc-262">
         <name>.debug_info</name>
         <load_address>0x1b1e5</load_address>
         <run_address>0x1b1e5</run_address>
         <size>0x1cf</size>
         <input_file_ref idref="fl-10"/>
      </object_component>
      <object_component id="oc-12c">
         <name>.debug_info</name>
         <load_address>0x1b3b4</load_address>
         <run_address>0x1b3b4</run_address>
         <size>0x6e5</size>
         <input_file_ref idref="fl-12"/>
      </object_component>
      <object_component id="oc-126">
         <name>.debug_info</name>
         <load_address>0x1ba99</load_address>
         <run_address>0x1ba99</run_address>
         <size>0x10b</size>
         <input_file_ref idref="fl-12"/>
      </object_component>
      <object_component id="oc-120">
         <name>.debug_info</name>
         <load_address>0x1bba4</load_address>
         <run_address>0x1bba4</run_address>
         <size>0x10f</size>
         <input_file_ref idref="fl-12"/>
      </object_component>
      <object_component id="oc-123">
         <name>.debug_info</name>
         <load_address>0x1bcb3</load_address>
         <run_address>0x1bcb3</run_address>
         <size>0x113</size>
         <input_file_ref idref="fl-12"/>
      </object_component>
      <object_component id="oc-116">
         <name>.debug_info</name>
         <load_address>0x1bdc6</load_address>
         <run_address>0x1bdc6</run_address>
         <size>0x11d</size>
         <input_file_ref idref="fl-12"/>
      </object_component>
      <object_component id="oc-129">
         <name>.debug_info</name>
         <load_address>0x1bee3</load_address>
         <run_address>0x1bee3</run_address>
         <size>0x13e</size>
         <input_file_ref idref="fl-12"/>
      </object_component>
      <object_component id="oc-11c">
         <name>.debug_info</name>
         <load_address>0x1c021</load_address>
         <run_address>0x1c021</run_address>
         <size>0x10d</size>
         <input_file_ref idref="fl-12"/>
      </object_component>
      <object_component id="oc-88">
         <name>.debug_info</name>
         <load_address>0x1c12e</load_address>
         <run_address>0x1c12e</run_address>
         <size>0x9997</size>
         <input_file_ref idref="fl-12"/>
      </object_component>
      <object_component id="oc-12e">
         <name>.debug_info</name>
         <load_address>0x25ac5</load_address>
         <run_address>0x25ac5</run_address>
         <size>0x1a1</size>
         <input_file_ref idref="fl-12"/>
      </object_component>
      <object_component id="oc-283">
         <name>.debug_info</name>
         <load_address>0x25c66</load_address>
         <run_address>0x25c66</run_address>
         <size>0x3e4</size>
         <input_file_ref idref="fl-19"/>
      </object_component>
      <object_component id="oc-18f">
         <name>.debug_info</name>
         <load_address>0x2604a</load_address>
         <run_address>0x2604a</run_address>
         <size>0x284</size>
         <input_file_ref idref="fl-19"/>
      </object_component>
      <object_component id="oc-1a1">
         <name>.debug_info</name>
         <load_address>0x262ce</load_address>
         <run_address>0x262ce</run_address>
         <size>0x2ac</size>
         <input_file_ref idref="fl-19"/>
      </object_component>
      <object_component id="oc-28b">
         <name>.debug_info</name>
         <load_address>0x2657a</load_address>
         <run_address>0x2657a</run_address>
         <size>0x2bc</size>
         <input_file_ref idref="fl-19"/>
      </object_component>
      <object_component id="oc-285">
         <name>.debug_info</name>
         <load_address>0x26836</load_address>
         <run_address>0x26836</run_address>
         <size>0x31f</size>
         <input_file_ref idref="fl-19"/>
      </object_component>
      <object_component id="oc-198">
         <name>.debug_info</name>
         <load_address>0x26b55</load_address>
         <run_address>0x26b55</run_address>
         <size>0x2c0</size>
         <input_file_ref idref="fl-19"/>
      </object_component>
      <object_component id="oc-30b">
         <name>.debug_info</name>
         <load_address>0x26e15</load_address>
         <run_address>0x26e15</run_address>
         <size>0x26b</size>
         <input_file_ref idref="fl-19"/>
      </object_component>
      <object_component id="oc-2fb">
         <name>.debug_info</name>
         <load_address>0x27080</load_address>
         <run_address>0x27080</run_address>
         <size>0x297</size>
         <input_file_ref idref="fl-19"/>
      </object_component>
      <object_component id="oc-306">
         <name>.debug_info</name>
         <load_address>0x27317</load_address>
         <run_address>0x27317</run_address>
         <size>0xef</size>
         <input_file_ref idref="fl-19"/>
      </object_component>
      <object_component id="oc-279">
         <name>.debug_info</name>
         <load_address>0x27406</load_address>
         <run_address>0x27406</run_address>
         <size>0xbb</size>
         <input_file_ref idref="fl-19"/>
      </object_component>
      <object_component id="oc-27f">
         <name>.debug_info</name>
         <load_address>0x274c1</load_address>
         <run_address>0x274c1</run_address>
         <size>0x441</size>
         <input_file_ref idref="fl-1b"/>
      </object_component>
      <object_component id="oc-276">
         <name>.debug_info</name>
         <load_address>0x27902</load_address>
         <run_address>0x27902</run_address>
         <size>0x156</size>
         <input_file_ref idref="fl-1b"/>
      </object_component>
      <object_component id="oc-18a">
         <name>.debug_info</name>
         <load_address>0x27a58</load_address>
         <run_address>0x27a58</run_address>
         <size>0x288</size>
         <input_file_ref idref="fl-1b"/>
      </object_component>
      <object_component id="oc-184">
         <name>.debug_info</name>
         <load_address>0x27ce0</load_address>
         <run_address>0x27ce0</run_address>
         <size>0x286</size>
         <input_file_ref idref="fl-1b"/>
      </object_component>
      <object_component id="oc-17e">
         <name>.debug_info</name>
         <load_address>0x27f66</load_address>
         <run_address>0x27f66</run_address>
         <size>0x2e4</size>
         <input_file_ref idref="fl-1b"/>
      </object_component>
      <object_component id="oc-177">
         <name>.debug_info</name>
         <load_address>0x2824a</load_address>
         <run_address>0x2824a</run_address>
         <size>0x2be</size>
         <input_file_ref idref="fl-1b"/>
      </object_component>
      <object_component id="oc-302">
         <name>.debug_info</name>
         <load_address>0x28508</load_address>
         <run_address>0x28508</run_address>
         <size>0x51</size>
         <input_file_ref idref="fl-1b"/>
      </object_component>
      <object_component id="oc-20e">
         <name>.debug_info</name>
         <load_address>0x28559</load_address>
         <run_address>0x28559</run_address>
         <size>0x122</size>
         <input_file_ref idref="fl-d2"/>
      </object_component>
      <object_component id="oc-49">
         <name>.debug_info</name>
         <load_address>0x2867b</load_address>
         <run_address>0x2867b</run_address>
         <size>0x119</size>
         <input_file_ref idref="fl-d3"/>
      </object_component>
      <object_component id="oc-bd">
         <name>.debug_info</name>
         <load_address>0x28794</load_address>
         <run_address>0x28794</run_address>
         <size>0x147</size>
         <input_file_ref idref="fl-d4"/>
      </object_component>
      <object_component id="oc-bb">
         <name>.debug_info</name>
         <load_address>0x288db</load_address>
         <run_address>0x288db</run_address>
         <size>0x2d4</size>
         <input_file_ref idref="fl-d5"/>
      </object_component>
      <object_component id="oc-5c">
         <name>.debug_info</name>
         <load_address>0x28baf</load_address>
         <run_address>0x28baf</run_address>
         <size>0x1b5</size>
         <input_file_ref idref="fl-d5"/>
      </object_component>
      <object_component id="oc-b6">
         <name>.debug_info</name>
         <load_address>0x28d64</load_address>
         <run_address>0x28d64</run_address>
         <size>0x46</size>
         <input_file_ref idref="fl-d5"/>
      </object_component>
      <object_component id="oc-51">
         <name>.debug_info</name>
         <load_address>0x28daa</load_address>
         <run_address>0x28daa</run_address>
         <size>0x2a8</size>
         <input_file_ref idref="fl-d6"/>
      </object_component>
      <object_component id="oc-1c">
         <name>.debug_info</name>
         <load_address>0x29052</load_address>
         <run_address>0x29052</run_address>
         <size>0x1ea</size>
         <input_file_ref idref="fl-d6"/>
      </object_component>
      <object_component id="oc-4c">
         <name>.debug_info</name>
         <load_address>0x2923c</load_address>
         <run_address>0x2923c</run_address>
         <size>0x46</size>
         <input_file_ref idref="fl-d6"/>
      </object_component>
      <object_component id="oc-ae">
         <name>.debug_info</name>
         <load_address>0x29282</load_address>
         <run_address>0x29282</run_address>
         <size>0x2c</size>
         <input_file_ref idref="fl-d6"/>
      </object_component>
      <object_component id="oc-ac">
         <name>.debug_info</name>
         <load_address>0x292ae</load_address>
         <run_address>0x292ae</run_address>
         <size>0x29e</size>
         <input_file_ref idref="fl-d7"/>
      </object_component>
      <object_component id="oc-17">
         <name>.debug_info</name>
         <load_address>0x2954c</load_address>
         <run_address>0x2954c</run_address>
         <size>0x250</size>
         <input_file_ref idref="fl-d7"/>
      </object_component>
      <object_component id="oc-3c">
         <name>.debug_info</name>
         <load_address>0x2979c</load_address>
         <run_address>0x2979c</run_address>
         <size>0x60</size>
         <input_file_ref idref="fl-d7"/>
      </object_component>
      <object_component id="oc-165">
         <name>.debug_info</name>
         <load_address>0x297fc</load_address>
         <run_address>0x297fc</run_address>
         <size>0x46</size>
         <input_file_ref idref="fl-d7"/>
      </object_component>
      <object_component id="oc-a7">
         <name>.debug_info</name>
         <load_address>0x29842</load_address>
         <run_address>0x29842</run_address>
         <size>0x39</size>
         <input_file_ref idref="fl-d7"/>
      </object_component>
      <object_component id="oc-2ce">
         <name>.debug_info</name>
         <load_address>0x2987b</load_address>
         <run_address>0x2987b</run_address>
         <size>0x29a</size>
         <input_file_ref idref="fl-d8"/>
      </object_component>
      <object_component id="oc-216">
         <name>.debug_info</name>
         <load_address>0x29b15</load_address>
         <run_address>0x29b15</run_address>
         <size>0x292</size>
         <input_file_ref idref="fl-d8"/>
      </object_component>
      <object_component id="oc-2f6">
         <name>.debug_info</name>
         <load_address>0x29da7</load_address>
         <run_address>0x29da7</run_address>
         <size>0x28f</size>
         <input_file_ref idref="fl-d9"/>
      </object_component>
      <object_component id="oc-258">
         <name>.debug_info</name>
         <load_address>0x2a036</load_address>
         <run_address>0x2a036</run_address>
         <size>0x245</size>
         <input_file_ref idref="fl-d9"/>
      </object_component>
      <object_component id="oc-25">
         <name>.debug_info</name>
         <load_address>0x2a27b</load_address>
         <run_address>0x2a27b</run_address>
         <size>0x10b</size>
         <input_file_ref idref="fl-da"/>
      </object_component>
      <object_component id="oc-66">
         <name>.debug_info</name>
         <load_address>0x2a386</load_address>
         <run_address>0x2a386</run_address>
         <size>0x1a9</size>
         <input_file_ref idref="fl-da"/>
      </object_component>
      <object_component id="oc-2a1">
         <name>.debug_info</name>
         <load_address>0x2a52f</load_address>
         <run_address>0x2a52f</run_address>
         <size>0x4b3</size>
         <input_file_ref idref="fl-db"/>
      </object_component>
      <object_component id="oc-1b6">
         <name>.debug_info</name>
         <load_address>0x2a9e2</load_address>
         <run_address>0x2a9e2</run_address>
         <size>0x1a6</size>
         <input_file_ref idref="fl-db"/>
      </object_component>
      <object_component id="oc-326">
         <name>.debug_info</name>
         <load_address>0x2ab88</load_address>
         <run_address>0x2ab88</run_address>
         <size>0x39</size>
         <input_file_ref idref="fl-db"/>
      </object_component>
      <object_component id="oc-351">
         <name>.debug_info</name>
         <load_address>0x2abc1</load_address>
         <run_address>0x2abc1</run_address>
         <size>0x39</size>
         <input_file_ref idref="fl-db"/>
      </object_component>
      <object_component id="oc-32b">
         <name>.debug_info</name>
         <load_address>0x2abfa</load_address>
         <run_address>0x2abfa</run_address>
         <size>0x39</size>
         <input_file_ref idref="fl-db"/>
      </object_component>
      <object_component id="oc-330">
         <name>.debug_info</name>
         <load_address>0x2ac33</load_address>
         <run_address>0x2ac33</run_address>
         <size>0xcd</size>
         <input_file_ref idref="fl-db"/>
      </object_component>
      <object_component id="oc-c3">
         <name>.debug_info</name>
         <load_address>0x2ad00</load_address>
         <run_address>0x2ad00</run_address>
         <size>0x153</size>
         <input_file_ref idref="fl-dc"/>
      </object_component>
      <object_component id="oc-1a8">
         <name>.debug_info</name>
         <load_address>0x2ae53</load_address>
         <run_address>0x2ae53</run_address>
         <size>0x122</size>
         <input_file_ref idref="fl-de"/>
      </object_component>
      <object_component id="oc-38c">
         <name>.debug_info</name>
         <load_address>0x2af75</load_address>
         <run_address>0x2af75</run_address>
         <size>0xb9</size>
      </object_component>
      <object_component id="oc-274">
         <name>.debug_line</name>
         <load_address>0x0</load_address>
         <run_address>0x0</run_address>
         <size>0x1dc</size>
         <input_file_ref idref="fl-2"/>
      </object_component>
      <object_component id="oc-cd">
         <name>.debug_line</name>
         <load_address>0x1dc</load_address>
         <run_address>0x1dc</run_address>
         <size>0xb1</size>
         <input_file_ref idref="fl-2"/>
      </object_component>
      <object_component id="oc-14e">
         <name>.debug_line</name>
         <load_address>0x28d</load_address>
         <run_address>0x28d</run_address>
         <size>0x8e</size>
         <input_file_ref idref="fl-2"/>
      </object_component>
      <object_component id="oc-a5">
         <name>.debug_line</name>
         <load_address>0x31b</load_address>
         <run_address>0x31b</run_address>
         <size>0x6f</size>
         <input_file_ref idref="fl-2"/>
      </object_component>
      <object_component id="oc-13f">
         <name>.debug_line</name>
         <load_address>0x38a</load_address>
         <run_address>0x38a</run_address>
         <size>0x86</size>
         <input_file_ref idref="fl-2"/>
      </object_component>
      <object_component id="oc-144">
         <name>.debug_line</name>
         <load_address>0x410</load_address>
         <run_address>0x410</run_address>
         <size>0x8e</size>
         <input_file_ref idref="fl-2"/>
      </object_component>
      <object_component id="oc-158">
         <name>.debug_line</name>
         <load_address>0x49e</load_address>
         <run_address>0x49e</run_address>
         <size>0x92</size>
         <input_file_ref idref="fl-2"/>
      </object_component>
      <object_component id="oc-15e">
         <name>.debug_line</name>
         <load_address>0x530</load_address>
         <run_address>0x530</run_address>
         <size>0x20</size>
         <input_file_ref idref="fl-2"/>
      </object_component>
      <object_component id="oc-94">
         <name>.debug_line</name>
         <load_address>0x550</load_address>
         <run_address>0x550</run_address>
         <size>0x92</size>
         <input_file_ref idref="fl-2"/>
      </object_component>
      <object_component id="oc-163">
         <name>.debug_line</name>
         <load_address>0x5e2</load_address>
         <run_address>0x5e2</run_address>
         <size>0x73</size>
         <input_file_ref idref="fl-2"/>
      </object_component>
      <object_component id="oc-9e">
         <name>.debug_line</name>
         <load_address>0x655</load_address>
         <run_address>0x655</run_address>
         <size>0x70</size>
         <input_file_ref idref="fl-2"/>
      </object_component>
      <object_component id="oc-149">
         <name>.debug_line</name>
         <load_address>0x6c5</load_address>
         <run_address>0x6c5</run_address>
         <size>0x6b</size>
         <input_file_ref idref="fl-2"/>
      </object_component>
      <object_component id="oc-99">
         <name>.debug_line</name>
         <load_address>0x730</load_address>
         <run_address>0x730</run_address>
         <size>0xa1</size>
         <input_file_ref idref="fl-2"/>
      </object_component>
      <object_component id="oc-136">
         <name>.debug_line</name>
         <load_address>0x7d1</load_address>
         <run_address>0x7d1</run_address>
         <size>0x6b</size>
         <input_file_ref idref="fl-2"/>
      </object_component>
      <object_component id="oc-153">
         <name>.debug_line</name>
         <load_address>0x83c</load_address>
         <run_address>0x83c</run_address>
         <size>0x8e</size>
         <input_file_ref idref="fl-2"/>
      </object_component>
      <object_component id="oc-a1">
         <name>.debug_line</name>
         <load_address>0x8ca</load_address>
         <run_address>0x8ca</run_address>
         <size>0x41</size>
         <input_file_ref idref="fl-3"/>
      </object_component>
      <object_component id="oc-39">
         <name>.debug_line</name>
         <load_address>0x90b</load_address>
         <run_address>0x90b</run_address>
         <size>0x41</size>
         <input_file_ref idref="fl-3"/>
      </object_component>
      <object_component id="oc-2c">
         <name>.debug_line</name>
         <load_address>0x94c</load_address>
         <run_address>0x94c</run_address>
         <size>0xa1</size>
         <input_file_ref idref="fl-3"/>
      </object_component>
      <object_component id="oc-44">
         <name>.debug_line</name>
         <load_address>0x9ed</load_address>
         <run_address>0x9ed</run_address>
         <size>0x20</size>
         <input_file_ref idref="fl-3"/>
      </object_component>
      <object_component id="oc-338">
         <name>.debug_line</name>
         <load_address>0xa0d</load_address>
         <run_address>0xa0d</run_address>
         <size>0x1ef</size>
         <input_file_ref idref="fl-5"/>
      </object_component>
      <object_component id="oc-1ef">
         <name>.debug_line</name>
         <load_address>0xbfc</load_address>
         <run_address>0xbfc</run_address>
         <size>0x6b</size>
         <input_file_ref idref="fl-5"/>
      </object_component>
      <object_component id="oc-1fe">
         <name>.debug_line</name>
         <load_address>0xc67</load_address>
         <run_address>0xc67</run_address>
         <size>0x92</size>
         <input_file_ref idref="fl-5"/>
      </object_component>
      <object_component id="oc-33c">
         <name>.debug_line</name>
         <load_address>0xcf9</load_address>
         <run_address>0xcf9</run_address>
         <size>0x50</size>
         <input_file_ref idref="fl-5"/>
      </object_component>
      <object_component id="oc-341">
         <name>.debug_line</name>
         <load_address>0xd49</load_address>
         <run_address>0xd49</run_address>
         <size>0x96</size>
         <input_file_ref idref="fl-5"/>
      </object_component>
      <object_component id="oc-2c8">
         <name>.debug_line</name>
         <load_address>0xddf</load_address>
         <run_address>0xddf</run_address>
         <size>0x92</size>
         <input_file_ref idref="fl-5"/>
      </object_component>
      <object_component id="oc-1ea">
         <name>.debug_line</name>
         <load_address>0xe71</load_address>
         <run_address>0xe71</run_address>
         <size>0x90</size>
         <input_file_ref idref="fl-5"/>
      </object_component>
      <object_component id="oc-2cb">
         <name>.debug_line</name>
         <load_address>0xf01</load_address>
         <run_address>0xf01</run_address>
         <size>0x20</size>
         <input_file_ref idref="fl-6"/>
      </object_component>
      <object_component id="oc-ef">
         <name>.debug_line</name>
         <load_address>0xf21</load_address>
         <run_address>0xf21</run_address>
         <size>0xfb</size>
         <input_file_ref idref="fl-6"/>
      </object_component>
      <object_component id="oc-344">
         <name>.debug_line</name>
         <load_address>0x101c</load_address>
         <run_address>0x101c</run_address>
         <size>0x25d</size>
         <input_file_ref idref="fl-7"/>
      </object_component>
      <object_component id="oc-225">
         <name>.debug_line</name>
         <load_address>0x1279</load_address>
         <run_address>0x1279</run_address>
         <size>0x8ae</size>
         <input_file_ref idref="fl-7"/>
      </object_component>
      <object_component id="oc-348">
         <name>.debug_line</name>
         <load_address>0x1b27</load_address>
         <run_address>0x1b27</run_address>
         <size>0x49</size>
         <input_file_ref idref="fl-7"/>
      </object_component>
      <object_component id="oc-2de">
         <name>.debug_line</name>
         <load_address>0x1b70</load_address>
         <run_address>0x1b70</run_address>
         <size>0x8f</size>
         <input_file_ref idref="fl-7"/>
      </object_component>
      <object_component id="oc-1f4">
         <name>.debug_line</name>
         <load_address>0x1bff</load_address>
         <run_address>0x1bff</run_address>
         <size>0x74</size>
         <input_file_ref idref="fl-7"/>
      </object_component>
      <object_component id="oc-16f">
         <name>.debug_line</name>
         <load_address>0x1c73</load_address>
         <run_address>0x1c73</run_address>
         <size>0x6b</size>
         <input_file_ref idref="fl-8"/>
      </object_component>
      <object_component id="oc-1e6">
         <name>.debug_line</name>
         <load_address>0x1cde</load_address>
         <run_address>0x1cde</run_address>
         <size>0x31d</size>
         <input_file_ref idref="fl-9"/>
      </object_component>
      <object_component id="oc-db">
         <name>.debug_line</name>
         <load_address>0x1ffb</load_address>
         <run_address>0x1ffb</run_address>
         <size>0x49</size>
         <input_file_ref idref="fl-9"/>
      </object_component>
      <object_component id="oc-23f">
         <name>.debug_line</name>
         <load_address>0x2044</load_address>
         <run_address>0x2044</run_address>
         <size>0x49</size>
         <input_file_ref idref="fl-9"/>
      </object_component>
      <object_component id="oc-247">
         <name>.debug_line</name>
         <load_address>0x208d</load_address>
         <run_address>0x208d</run_address>
         <size>0x49</size>
         <input_file_ref idref="fl-9"/>
      </object_component>
      <object_component id="oc-249">
         <name>.debug_line</name>
         <load_address>0x20d6</load_address>
         <run_address>0x20d6</run_address>
         <size>0x49</size>
         <input_file_ref idref="fl-9"/>
      </object_component>
      <object_component id="oc-241">
         <name>.debug_line</name>
         <load_address>0x211f</load_address>
         <run_address>0x211f</run_address>
         <size>0x49</size>
         <input_file_ref idref="fl-9"/>
      </object_component>
      <object_component id="oc-245">
         <name>.debug_line</name>
         <load_address>0x2168</load_address>
         <run_address>0x2168</run_address>
         <size>0x49</size>
         <input_file_ref idref="fl-9"/>
      </object_component>
      <object_component id="oc-243">
         <name>.debug_line</name>
         <load_address>0x21b1</load_address>
         <run_address>0x21b1</run_address>
         <size>0x49</size>
         <input_file_ref idref="fl-9"/>
      </object_component>
      <object_component id="oc-83">
         <name>.debug_line</name>
         <load_address>0x21fa</load_address>
         <run_address>0x21fa</run_address>
         <size>0xb05</size>
         <input_file_ref idref="fl-9"/>
      </object_component>
      <object_component id="oc-e0">
         <name>.debug_line</name>
         <load_address>0x2cff</load_address>
         <run_address>0x2cff</run_address>
         <size>0x8e</size>
         <input_file_ref idref="fl-9"/>
      </object_component>
      <object_component id="oc-1f9">
         <name>.debug_line</name>
         <load_address>0x2d8d</load_address>
         <run_address>0x2d8d</run_address>
         <size>0x49</size>
         <input_file_ref idref="fl-9"/>
      </object_component>
      <object_component id="oc-2ee">
         <name>.debug_line</name>
         <load_address>0x2dd6</load_address>
         <run_address>0x2dd6</run_address>
         <size>0x25e</size>
         <input_file_ref idref="fl-a"/>
      </object_component>
      <object_component id="oc-2ea">
         <name>.debug_line</name>
         <load_address>0x3034</load_address>
         <run_address>0x3034</run_address>
         <size>0x4a</size>
         <input_file_ref idref="fl-a"/>
      </object_component>
      <object_component id="oc-2ec">
         <name>.debug_line</name>
         <load_address>0x307e</load_address>
         <run_address>0x307e</run_address>
         <size>0x4a</size>
         <input_file_ref idref="fl-a"/>
      </object_component>
      <object_component id="oc-2e8">
         <name>.debug_line</name>
         <load_address>0x30c8</load_address>
         <run_address>0x30c8</run_address>
         <size>0x4a</size>
         <input_file_ref idref="fl-a"/>
      </object_component>
      <object_component id="oc-2e1">
         <name>.debug_line</name>
         <load_address>0x3112</load_address>
         <run_address>0x3112</run_address>
         <size>0x4a</size>
         <input_file_ref idref="fl-a"/>
      </object_component>
      <object_component id="oc-fa">
         <name>.debug_line</name>
         <load_address>0x315c</load_address>
         <run_address>0x315c</run_address>
         <size>0x4c7</size>
         <input_file_ref idref="fl-a"/>
      </object_component>
      <object_component id="oc-23c">
         <name>.debug_line</name>
         <load_address>0x3623</load_address>
         <run_address>0x3623</run_address>
         <size>0x4a</size>
         <input_file_ref idref="fl-a"/>
      </object_component>
      <object_component id="oc-2e5">
         <name>.debug_line</name>
         <load_address>0x366d</load_address>
         <run_address>0x366d</run_address>
         <size>0x8f</size>
         <input_file_ref idref="fl-a"/>
      </object_component>
      <object_component id="oc-236">
         <name>.debug_line</name>
         <load_address>0x36fc</load_address>
         <run_address>0x36fc</run_address>
         <size>0x90</size>
         <input_file_ref idref="fl-a"/>
      </object_component>
      <object_component id="oc-13b">
         <name>.debug_line</name>
         <load_address>0x378c</load_address>
         <run_address>0x378c</run_address>
         <size>0x13a</size>
         <input_file_ref idref="fl-b"/>
      </object_component>
      <object_component id="oc-e3">
         <name>.debug_line</name>
         <load_address>0x38c6</load_address>
         <run_address>0x38c6</run_address>
         <size>0x5e</size>
         <input_file_ref idref="fl-b"/>
      </object_component>
      <object_component id="oc-139">
         <name>.debug_line</name>
         <load_address>0x3924</load_address>
         <run_address>0x3924</run_address>
         <size>0x5e</size>
         <input_file_ref idref="fl-b"/>
      </object_component>
      <object_component id="oc-34">
         <name>.debug_line</name>
         <load_address>0x3982</load_address>
         <run_address>0x3982</run_address>
         <size>0x1d7</size>
         <input_file_ref idref="fl-b"/>
      </object_component>
      <object_component id="oc-2f">
         <name>.debug_line</name>
         <load_address>0x3b59</load_address>
         <run_address>0x3b59</run_address>
         <size>0xf3</size>
         <input_file_ref idref="fl-c"/>
      </object_component>
      <object_component id="oc-2c4">
         <name>.debug_line</name>
         <load_address>0x3c4c</load_address>
         <run_address>0x3c4c</run_address>
         <size>0x10f</size>
         <input_file_ref idref="fl-d"/>
      </object_component>
      <object_component id="oc-2c2">
         <name>.debug_line</name>
         <load_address>0x3d5b</load_address>
         <run_address>0x3d5b</run_address>
         <size>0x5b</size>
         <input_file_ref idref="fl-d"/>
      </object_component>
      <object_component id="oc-2bb">
         <name>.debug_line</name>
         <load_address>0x3db6</load_address>
         <run_address>0x3db6</run_address>
         <size>0x5b</size>
         <input_file_ref idref="fl-d"/>
      </object_component>
      <object_component id="oc-2b9">
         <name>.debug_line</name>
         <load_address>0x3e11</load_address>
         <run_address>0x3e11</run_address>
         <size>0x5b</size>
         <input_file_ref idref="fl-d"/>
      </object_component>
      <object_component id="oc-e9">
         <name>.debug_line</name>
         <load_address>0x3e6c</load_address>
         <run_address>0x3e6c</run_address>
         <size>0x206</size>
         <input_file_ref idref="fl-d"/>
      </object_component>
      <object_component id="oc-2bf">
         <name>.debug_line</name>
         <load_address>0x4072</load_address>
         <run_address>0x4072</run_address>
         <size>0x5b</size>
         <input_file_ref idref="fl-d"/>
      </object_component>
      <object_component id="oc-19e">
         <name>.debug_line</name>
         <load_address>0x40cd</load_address>
         <run_address>0x40cd</run_address>
         <size>0x95</size>
         <input_file_ref idref="fl-e"/>
      </object_component>
      <object_component id="oc-2d4">
         <name>.debug_line</name>
         <load_address>0x4162</load_address>
         <run_address>0x4162</run_address>
         <size>0x147</size>
         <input_file_ref idref="fl-f"/>
      </object_component>
      <object_component id="oc-2d0">
         <name>.debug_line</name>
         <load_address>0x42a9</load_address>
         <run_address>0x42a9</run_address>
         <size>0x55</size>
         <input_file_ref idref="fl-f"/>
      </object_component>
      <object_component id="oc-2d2">
         <name>.debug_line</name>
         <load_address>0x42fe</load_address>
         <run_address>0x42fe</run_address>
         <size>0x55</size>
         <input_file_ref idref="fl-f"/>
      </object_component>
      <object_component id="oc-315">
         <name>.debug_line</name>
         <load_address>0x4353</load_address>
         <run_address>0x4353</run_address>
         <size>0x55</size>
[...]
         <object_component_ref idref="oc-10f"/>
      </symbol>
      <symbol id="sm-791">
         <name>SEGGER_RTT_WriteSkipNoLock</name>
         <value>0x634d</value>
         <object_component_ref idref="oc-10f"/>
      </symbol>
      <symbol id="sm-792">
         <name>SEGGER_RTT_HasKey</name>
         <value>0x67c1</value>
         <object_component_ref idref="oc-10f"/>
      </symbol>
      <symbol id="sm-793">
         <name>SEGGER_RTT_WriteDownBuffer</name>
         <value>0x6563</value>
         <object_component_ref idref="oc-10f"/>
      </symbol>
      <symbol id="sm-794">
         <name>SEGGER_RTT_ConfigUpBuffer</name>
         <value>0x69eb</value>
         <object_component_ref idref="oc-10f"/>
      </symbol>
      <symbol id="sm-795">
         <name>SEGGER_RTT_WriteString</name>
         <value>0x65e3</value>
         <object_component_ref idref="oc-10f"/>
      </symbol>
      <symbol id="sm-796">
         <name>SEGGER_RTT_SetNameDownBuffer</name>
         <value>0x6b5f</value>
         <object_component_ref idref="oc-10f"/>
      </symbol>
      <symbol id="sm-797">
         <name>SEGGER_RTT_GetAvailWriteSpace</name>
         <value>0x6e35</value>
         <object_component_ref idref="oc-10f"/>
      </symbol>
      <symbol id="sm-798">
         <name>SEGGER_RTT_SetFlagsDownBuffer</name>
         <value>0x6c1b</value>
         <object_component_ref idref="oc-10f"/>
      </symbol>
      <symbol id="sm-799">
         <name>SEGGER_RTT_WriteNoLock</name>
         <value>0x64cd</value>
         <object_component_ref idref="oc-10f"/>
      </symbol>
      <symbol id="sm-79a">
         <name>SEGGER_RTT_GetBytesInBuffer</name>
         <value>0x6e4f</value>
         <object_component_ref idref="oc-10f"/>
      </symbol>
      <symbol id="sm-79b">
         <name>SEGGER_RTT_AllocUpBuffer</name>
         <value>0x691b</value>
         <object_component_ref idref="oc-10f"/>
      </symbol>
      <symbol id="sm-79c">
         <name>SEGGER_RTT_HasData</name>
         <value>0x67fb</value>
         <object_component_ref idref="oc-10f"/>
      </symbol>
      <symbol id="sm-79d">
         <name>SEGGER_RTT_PutCharSkipNoLock</name>
         <value>0x65fd</value>
         <object_component_ref idref="oc-10f"/>
      </symbol>
      <symbol id="sm-79e">
         <name>SEGGER_RTT_ConfigDownBuffer</name>
         <value>0x6a79</value>
         <object_component_ref idref="oc-10f"/>
      </symbol>
      <symbol id="sm-79f">
         <name>SEGGER_RTT_Init</name>
         <value>0x6c79</value>
         <object_component_ref idref="oc-10f"/>
      </symbol>
      <symbol id="sm-7a0">
         <name>SEGGER_RTT_ReadUpBuffer</name>
         <value>0x61d7</value>
         <object_component_ref idref="oc-10f"/>
      </symbol>
      <symbol id="sm-7a1">
         <name>SEGGER_RTT_SetFlagsUpBuffer</name>
         <value>0x6bbd</value>
         <object_component_ref idref="oc-10f"/>
      </symbol>
      <symbol id="sm-7a2">
         <name>SEGGER_RTT_WriteWithOverwriteNoLock</name>
         <value>0x623d</value>
         <object_component_ref idref="oc-10f"/>
      </symbol>
      <symbol id="sm-9e1">
         <name>SEGGER_SYSVIEW_RecordEndCall</name>
         <value>0x23cf</value>
         <object_component_ref idref="oc-86"/>
      </symbol>
      <symbol id="sm-9e2">
         <name>SEGGER_SYSVIEW_MarkStart</name>
         <value>0x27d5</value>
         <object_component_ref idref="oc-86"/>
      </symbol>
      <symbol id="sm-9e3">
         <name>SEGGER_SYSVIEW_SendTaskInfo</name>
         <value>0x201d</value>
         <object_component_ref idref="oc-86"/>
      </symbol>
      <symbol id="sm-9e4">
         <name>SEGGER_SYSVIEW_RecordModuleDescription</name>
         <value>0x2c05</value>
         <object_component_ref idref="oc-86"/>
      </symbol>
      <symbol id="sm-9e5">
         <name>SEGGER_SYSVIEW_RecordSystime</name>
         <value>0x2231</value>
         <object_component_ref idref="oc-86"/>
      </symbol>
      <symbol id="sm-9e6">
         <name>SEGGER_SYSVIEW_EncodeId</name>
         <value>0x2b2b</value>
         <object_component_ref idref="oc-86"/>
      </symbol>
      <symbol id="sm-9e7">
         <name>SEGGER_SYSVIEW_Stop</name>
         <value>0x1ea5</value>
         <object_component_ref idref="oc-86"/>
      </symbol>
      <symbol id="sm-9e8">
         <name>SEGGER_SYSVIEW_SendNumModules</name>
         <value>0x2e05</value>
         <object_component_ref idref="oc-86"/>
      </symbol>
      <symbol id="sm-9e9">
         <name>SEGGER_SYSVIEW_GetSysDesc</name>
         <value>0x1ee5</value>
         <object_component_ref idref="oc-86"/>
      </symbol>
      <symbol id="sm-9ea">
         <name>SEGGER_SYSVIEW_SendTaskList</name>
         <value>0x21db</value>
         <object_component_ref idref="oc-86"/>
      </symbol>
      <symbol id="sm-9eb">
         <name>SEGGER_SYSVIEW_SendModuleDescription</name>
         <value>0x2dd9</value>
         <object_component_ref idref="oc-86"/>
      </symbol>
      <symbol id="sm-9ec">
         <name>SEGGER_SYSVIEW_PrintfHost</name>
         <value>0x2ea1</value>
         <object_component_ref idref="oc-86"/>
      </symbol>
      <symbol id="sm-9ed">
         <name>SEGGER_SYSVIEW_RecordU32x10</name>
         <value>0x1a9d</value>
         <object_component_ref idref="oc-86"/>
      </symbol>
      <symbol id="sm-9ee">
         <name>SEGGER_SYSVIEW_OnTaskCreate</name>
         <value>0x2519</value>
         <object_component_ref idref="oc-86"/>
      </symbol>
      <symbol id="sm-9ef">
         <name>SEGGER_SYSVIEW_RecordExitTimer</name>
         <value>0x23a7</value>
         <object_component_ref idref="oc-86"/>
      </symbol>
      <symbol id="sm-9f0">
         <name>SEGGER_SYSVIEW_Error</name>
         <value>0x310d</value>
         <object_component_ref idref="oc-86"/>
      </symbol>
      <symbol id="sm-9f1">
         <name>SEGGER_SYSVIEW_OnTaskStartReady</name>
         <value>0x26a9</value>
         <object_component_ref idref="oc-86"/>
      </symbol>
      <symbol id="sm-9f2">
         <name>SEGGER_SYSVIEW_OnTaskTerminate</name>
         <value>0x2595</value>
         <object_component_ref idref="oc-86"/>
      </symbol>
      <symbol id="sm-9f3">
         <name>SEGGER_SYSVIEW_Print</name>
         <value>0x2fb5</value>
         <object_component_ref idref="oc-86"/>
      </symbol>
      <symbol id="sm-9f4">
         <name>SEGGER_SYSVIEW_MarkStop</name>
         <value>0x2845</value>
         <object_component_ref idref="oc-86"/>
      </symbol>
      <symbol id="sm-9f5">
         <name>SEGGER_SYSVIEW_RecordEnterTimer</name>
         <value>0x232f</value>
         <object_component_ref idref="oc-86"/>
      </symbol>
      <symbol id="sm-9f6">
         <name>SEGGER_SYSVIEW_ErrorfTarget</name>
         <value>0x2f8f</value>
         <object_component_ref idref="oc-86"/>
      </symbol>
      <symbol id="sm-9f7">
         <name>SEGGER_SYSVIEW_NameResource</name>
         <value>0x2a07</value>
         <object_component_ref idref="oc-86"/>
      </symbol>
      <symbol id="sm-9f8">
         <name>SEGGER_SYSVIEW_RecordExitISR</name>
         <value>0x22df</value>
         <object_component_ref idref="oc-86"/>
      </symbol>
      <symbol id="sm-9f9">
         <name>SEGGER_SYSVIEW_RecordVoid</name>
         <value>0xe4f</value>
         <object_component_ref idref="oc-86"/>
      </symbol>
      <symbol id="sm-9fa">
         <name>SEGGER_SYSVIEW_RecordString</name>
         <value>0x1d0f</value>
         <object_component_ref idref="oc-86"/>
      </symbol>
      <symbol id="sm-9fb">
         <name>SEGGER_SYSVIEW_EncodeString</name>
         <value>0x2b03</value>
         <object_component_ref idref="oc-86"/>
      </symbol>
      <symbol id="sm-9fc">
         <name>SEGGER_SYSVIEW_PrintfTarget</name>
         <value>0x2f43</value>
         <object_component_ref idref="oc-86"/>
      </symbol>
      <symbol id="sm-9fd">
         <name>SEGGER_SYSVIEW_SendModule</name>
         <value>0x2ce5</value>
         <object_component_ref idref="oc-86"/>
      </symbol>
      <symbol id="sm-9fe">
         <name>SEGGER_SYSVIEW_EncodeData</name>
         <value>0x2b17</value>
         <object_component_ref idref="oc-86"/>
      </symbol>
      <symbol id="sm-9ff">
         <name>SEGGER_SYSVIEW_ErrorfHost</name>
         <value>0x2ef3</value>
         <object_component_ref idref="oc-86"/>
      </symbol>
      <symbol id="sm-a00">
         <name>SEGGER_SYSVIEW_Mark</name>
         <value>0x28b1</value>
         <object_component_ref idref="oc-86"/>
      </symbol>
      <symbol id="sm-a01">
         <name>SEGGER_SYSVIEW_NameMarker</name>
         <value>0x2955</value>
         <object_component_ref idref="oc-86"/>
      </symbol>
      <symbol id="sm-a02">
         <name>SEGGER_SYSVIEW_ShrinkId</name>
         <value>0x2b7b</value>
         <object_component_ref idref="oc-86"/>
      </symbol>
      <symbol id="sm-a03">
         <name>SEGGER_SYSVIEW_OnIdle</name>
         <value>0x24e7</value>
         <object_component_ref idref="oc-86"/>
      </symbol>
      <symbol id="sm-a04">
         <name>SEGGER_SYSVIEW_DisableEvents</name>
         <value>0x31cd</value>
         <object_component_ref idref="oc-86"/>
      </symbol>
      <symbol id="sm-a05">
         <name>SEGGER_SYSVIEW_SendPacket</name>
         <value>0x2a87</value>
         <object_component_ref idref="oc-86"/>
      </symbol>
      <symbol id="sm-a06">
         <name>SEGGER_SYSVIEW_OnTaskStartExec</name>
         <value>0x260b</value>
         <object_component_ref idref="oc-86"/>
      </symbol>
      <symbol id="sm-a07">
         <name>SEGGER_SYSVIEW_GetChannelID</name>
         <value>0x1ed9</value>
         <object_component_ref idref="oc-86"/>
      </symbol>
      <symbol id="sm-a08">
         <name>SEGGER_SYSVIEW_EnableEvents</name>
         <value>0x31b9</value>
         <object_component_ref idref="oc-86"/>
      </symbol>
      <symbol id="sm-a09">
         <name>SEGGER_SYSVIEW_Start</name>
         <value>0x1d4d</value>
         <object_component_ref idref="oc-86"/>
      </symbol>
      <symbol id="sm-a0a">
         <name>SEGGER_SYSVIEW_RecordEnterISR</name>
         <value>0x2265</value>
         <object_component_ref idref="oc-86"/>
      </symbol>
      <symbol id="sm-a0b">
         <name>SEGGER_SYSVIEW_RecordU32x5</name>
         <value>0x11c3</value>
         <object_component_ref idref="oc-86"/>
      </symbol>
      <symbol id="sm-a0c">
         <name>SEGGER_SYSVIEW_RecordU32x4</name>
         <value>0x10a1</value>
         <object_component_ref idref="oc-86"/>
      </symbol>
      <symbol id="sm-a0d">
         <name>SEGGER_SYSVIEW_RecordU32x7</name>
         <value>0x14a7</value>
         <object_component_ref idref="oc-86"/>
      </symbol>
      <symbol id="sm-a0e">
         <name>SEGGER_SYSVIEW_RecordU32x6</name>
         <value>0x1315</value>
         <object_component_ref idref="oc-86"/>
      </symbol>
      <symbol id="sm-a0f">
         <name>SEGGER_SYSVIEW_RecordU32x3</name>
         <value>0xf8f</value>
         <object_component_ref idref="oc-86"/>
      </symbol>
      <symbol id="sm-a10">
         <name>SEGGER_SYSVIEW_RecordU32x2</name>
         <value>0xee7</value>
         <object_component_ref idref="oc-86"/>
      </symbol>
      <symbol id="sm-a11">
         <name>SEGGER_SYSVIEW_RecordU32x9</name>
         <value>0x186b</value>
         <object_component_ref idref="oc-86"/>
      </symbol>
      <symbol id="sm-a12">
         <name>SEGGER_SYSVIEW_RecordU32x8</name>
         <value>0x1669</value>
         <object_component_ref idref="oc-86"/>
      </symbol>
      <symbol id="sm-a13">
         <name>SEGGER_SYSVIEW_SetRAMBase</name>
         <value>0xe3f</value>
         <object_component_ref idref="oc-86"/>
      </symbol>
      <symbol id="sm-a14">
         <name>SEGGER_SYSVIEW_EncodeU32</name>
         <value>0x2abd</value>
         <object_component_ref idref="oc-86"/>
      </symbol>
      <symbol id="sm-a15">
         <name>SEGGER_SYSVIEW_RecordEndCallU32</name>
         <value>0x2441</value>
         <object_component_ref idref="oc-86"/>
      </symbol>
      <symbol id="sm-a16">
         <name>SEGGER_SYSVIEW_IsStarted</name>
         <value>0x31e1</value>
         <object_component_ref idref="oc-86"/>
      </symbol>
      <symbol id="sm-a17">
         <name>SEGGER_SYSVIEW_SendSysDesc</name>
         <value>0x21f5</value>
         <object_component_ref idref="oc-86"/>
      </symbol>
      <symbol id="sm-a18">
         <name>SEGGER_SYSVIEW_Warn</name>
         <value>0x3061</value>
         <object_component_ref idref="oc-86"/>
      </symbol>
      <symbol id="sm-a19">
         <name>SEGGER_SYSVIEW_PrintfHostEx</name>
         <value>0x2e77</value>
         <object_component_ref idref="oc-86"/>
      </symbol>
      <symbol id="sm-a1a">
         <name>SEGGER_SYSVIEW_PrintfTargetEx</name>
         <value>0x2f19</value>
         <object_component_ref idref="oc-86"/>
      </symbol>
      <symbol id="sm-a1b">
         <name>SEGGER_SYSVIEW_RecordU32</name>
         <value>0xe79</value>
         <object_component_ref idref="oc-86"/>
      </symbol>
      <symbol id="sm-a1c">
         <name>SEGGER_SYSVIEW_WarnfHost</name>
         <value>0x2ecd</value>
         <object_component_ref idref="oc-86"/>
      </symbol>
      <symbol id="sm-a1d">
         <name>SEGGER_SYSVIEW_OnTaskStopReady</name>
         <value>0x271f</value>
         <object_component_ref idref="oc-86"/>
      </symbol>
      <symbol id="sm-a1e">
         <name>SEGGER_SYSVIEW_RegisterModule</name>
         <value>0x2b8d</value>
         <object_component_ref idref="oc-86"/>
      </symbol>
      <symbol id="sm-a1f">
         <name>SEGGER_SYSVIEW_Init</name>
         <value>0xddf</value>
         <object_component_ref idref="oc-86"/>
      </symbol>
      <symbol id="sm-a20">
         <name>SEGGER_SYSVIEW_OnTaskStopExec</name>
         <value>0x2681</value>
         <object_component_ref idref="oc-86"/>
      </symbol>
      <symbol id="sm-a21">
         <name>SEGGER_SYSVIEW_RecordExitISRToScheduler</name>
         <value>0x2307</value>
         <object_component_ref idref="oc-86"/>
      </symbol>
      <symbol id="sm-a22">
         <name>SEGGER_SYSVIEW_WarnfTarget</name>
         <value>0x2f69</value>
         <object_component_ref idref="oc-86"/>
      </symbol>
      <symbol id="sm-a6f">
         <name>GPIOPinTypeGPIOOutput</name>
         <value>0x8b99</value>
         <object_component_ref idref="oc-194"/>
      </symbol>
      <symbol id="sm-a70">
         <name>GPIODirModeSet</name>
         <value>0x8b49</value>
         <object_component_ref idref="oc-28a"/>
      </symbol>
      <symbol id="sm-a71">
         <name>GPIOPinWrite</name>
         <value>0x8c1f</value>
         <object_component_ref idref="oc-1a0"/>
      </symbol>
      <symbol id="sm-a72">
         <name>GPIOPadConfigSet</name>
         <value>0x81c5</value>
         <object_component_ref idref="oc-284"/>
      </symbol>
      <symbol id="sm-a73">
         <name>GPIOUnlockPin</name>
         <value>0x8bb5</value>
         <object_component_ref idref="oc-18e"/>
      </symbol>
      <symbol id="sm-ad2">
         <name>SysCtlClockSet</name>
         <value>0x868d</value>
         <object_component_ref idref="oc-17c"/>
      </symbol>
      <symbol id="sm-ad3">
         <name>SysCtlDelay</name>
         <value>0x8c25</value>
         <object_component_ref idref="oc-17b"/>
      </symbol>
      <symbol id="sm-ad4">
         <name>SysCtlPeripheralEnable</name>
         <value>0x8ae1</value>
         <object_component_ref idref="oc-182"/>
      </symbol>
      <symbol id="sm-ad5">
         <name>SysCtlClockGet</name>
         <value>0x845d</value>
         <object_component_ref idref="oc-175"/>
      </symbol>
      <symbol id="sm-ad6">
         <name>SysCtlPeripheralReady</name>
         <value>0x8aa9</value>
         <object_component_ref idref="oc-188"/>
      </symbol>
      <symbol id="sm-ae0">
         <name>__aeabi_lmul</name>
         <value>0x8bcd</value>
         <object_component_ref idref="oc-20d"/>
      </symbol>
      <symbol id="sm-afb">
         <name>memcpy</name>
         <value>0x885b</value>
         <object_component_ref idref="oc-46"/>
      </symbol>
      <symbol id="sm-afc">
         <name>__aeabi_memcpy</name>
         <value>0x885b</value>
         <object_component_ref idref="oc-46"/>
      </symbol>
      <symbol id="sm-afd">
         <name>__aeabi_memcpy8</name>
         <value>0x885b</value>
         <object_component_ref idref="oc-46"/>
      </symbol>
      <symbol id="sm-afe">
         <name>__aeabi_memcpy4</name>
         <value>0x885b</value>
         <object_component_ref idref="oc-46"/>
      </symbol>
      <symbol id="sm-b0d">
         <name>__aeabi_memset</name>
         <value>0x8983</value>
         <object_component_ref idref="oc-bc"/>
      </symbol>
      <symbol id="sm-b0e">
         <name>memset</name>
         <value>0x8989</value>
         <object_component_ref idref="oc-bc"/>
      </symbol>
      <symbol id="sm-b0f">
         <name>__aeabi_memset8</name>
         <value>0x8983</value>
         <object_component_ref idref="oc-bc"/>
      </symbol>
      <symbol id="sm-b10">
         <name>__aeabi_memset4</name>
         <value>0x8983</value>
         <object_component_ref idref="oc-bc"/>
      </symbol>
      <symbol id="sm-b11">
         <name>__aeabi_memclr8</name>
         <value>0x8981</value>
         <object_component_ref idref="oc-bc"/>
      </symbol>
      <symbol id="sm-b12">
         <name>__aeabi_memclr4</name>
         <value>0x8981</value>
         <object_component_ref idref="oc-bc"/>
      </symbol>
      <symbol id="sm-b13">
         <name>__aeabi_memclr</name>
         <value>0x8981</value>
         <object_component_ref idref="oc-bc"/>
      </symbol>
      <symbol id="sm-b25">
         <name>__TI_zero_init</name>
         <value>0x8c07</value>
         <object_component_ref idref="oc-58"/>
      </symbol>
      <symbol id="sm-b3c">
         <name>__TI_decompress_none</name>
         <value>0x8bf9</value>
         <object_component_ref idref="oc-1b"/>
      </symbol>
      <symbol id="sm-b5f">
         <name>__TI_decompress_lzss</name>
         <value>0x89fb</value>
         <object_component_ref idref="oc-15"/>
      </symbol>
      <symbol id="sm-b6f">
         <name>memcmp</name>
         <value>0x8b75</value>
         <object_component_ref idref="oc-212"/>
      </symbol>
      <symbol id="sm-b7d">
         <name>strlen</name>
         <value>0x8be5</value>
         <object_component_ref idref="oc-254"/>
      </symbol>
      <symbol id="sm-b90">
         <name>__stack</name>
         <value>0x20005740</value>
         <object_component_ref idref="oc-24"/>
      </symbol>
      <symbol id="sm-b91">
         <name>_c_int00_noargs</name>
         <value>0x8b15</value>
         <object_component_ref idref="oc-64"/>
      </symbol>
      <symbol id="sm-bb9">
         <name>__TI_auto_init_nobinit_nopinit</name>
         <value>0x8a65</value>
         <object_component_ref idref="oc-1b3"/>
      </symbol>
      <symbol id="sm-bc3">
         <name>_system_pre_init</name>
         <value>0x8c2b</value>
         <object_component_ref idref="oc-c2"/>
      </symbol>
      <symbol id="sm-bcf">
         <name>C$$EXIT</name>
         <value>0x8c2f</value>
         <object_component_ref idref="oc-1a7"/>
      </symbol>
      <symbol id="sm-bd0">
         <name>abort</name>
         <value>0x8c2f</value>
         <object_component_ref idref="oc-1a7"/>
      </symbol>
      <symbol id="sm-bd3">
         <name>__TI_static_base__</name>
         <value>0x0</value>
      </symbol>
      <symbol id="sm-bd6">
         <name>__mpu_init</name>
         <value>0x0</value>
      </symbol>
      <symbol id="sm-bd7">
         <name>_system_post_cinit</name>
         <value>0x0</value>
      </symbol>
   </symbol_table>
   <title>Link successful</title>
</link_info>
